                                      1 ;--------------------------------------------------------
                                      2 ; File Created by SDCC : free open source ANSI-C Compiler
                                      3 ; Version 4.1.6 #12439 (MINGW32)
                                      4 ;--------------------------------------------------------
                                      5 	.module main
                                      6 	.optsdcc -mgbz80
                                      7 	
                                      8 ;--------------------------------------------------------
                                      9 ; Public variables in this module
                                     10 ;--------------------------------------------------------
                                     11 	.globl _main
                                     12 	.globl _canplayermove
                                     13 	.globl _performantdelay
                                     14 	.globl _set_sprite_data
                                     15 	.globl _set_bkg_tiles
                                     16 	.globl _set_bkg_data
                                     17 	.globl _wait_vbl_done
                                     18 	.globl _joypad
                                     19 	.globl _snail
                                     20 	.globl _MazeMap
                                     21 	.globl _MazeSprites
                                     22 	.globl _playerlocation
                                     23 ;--------------------------------------------------------
                                     24 ; special function registers
                                     25 ;--------------------------------------------------------
                                     26 ;--------------------------------------------------------
                                     27 ; ram data
                                     28 ;--------------------------------------------------------
                                     29 	.area _DATA
      000000                         30 _playerlocation::
      000000                         31 	.ds 2
                                     32 ;--------------------------------------------------------
                                     33 ; ram data
                                     34 ;--------------------------------------------------------
                                     35 	.area _INITIALIZED
      000000                         36 _MazeSprites::
      000000                         37 	.ds 64
      000040                         38 _MazeMap::
      000040                         39 	.ds 360
      0001A8                         40 _snail::
      0001A8                         41 	.ds 16
                                     42 ;--------------------------------------------------------
                                     43 ; absolute external ram data
                                     44 ;--------------------------------------------------------
                                     45 	.area _DABS (ABS)
                                     46 ;--------------------------------------------------------
                                     47 ; global & static initialisations
                                     48 ;--------------------------------------------------------
                                     49 	.area _HOME
                                     50 	.area _GSINIT
                                     51 	.area _GSFINAL
                                     52 	.area _GSINIT
                                     53 ;--------------------------------------------------------
                                     54 ; Home
                                     55 ;--------------------------------------------------------
                                     56 	.area _HOME
                                     57 	.area _HOME
                                     58 ;--------------------------------------------------------
                                     59 ; code
                                     60 ;--------------------------------------------------------
                                     61 	.area _CODE
                                     62 ;main.c:9: void performantdelay(UINT8 numloops){
                                     63 ;	---------------------------------
                                     64 ; Function performantdelay
                                     65 ; ---------------------------------
      000000                         66 _performantdelay::
                                     67 ;main.c:11: for ( i = 0; i < numloops; i++)
      000000 0E 00                   68 	ld	c, #0x00
      000002                         69 00103$:
      000002 79                      70 	ld	a, c
      000003 F8 02                   71 	ldhl	sp,	#2
      000005 96                      72 	sub	a, (hl)
      000006 D0                      73 	ret	NC
                                     74 ;main.c:13: wait_vbl_done();
      000007 CDr00r00                75 	call	_wait_vbl_done
                                     76 ;main.c:11: for ( i = 0; i < numloops; i++)
      00000A 0C                      77 	inc	c
                                     78 ;main.c:15: }
      00000B 18 F5                   79 	jr	00103$
                                     80 ;main.c:17: UBYTE canplayermove(UINT8 newplayerx, UINT8 newplayery){
                                     81 ;	---------------------------------
                                     82 ; Function canplayermove
                                     83 ; ---------------------------------
      00000D                         84 _canplayermove::
                                     85 ;main.c:20: indexTLy = (newplayery -16) / 8;
                                     86 ;main.c:22: }
      00000D C9                      87 	ret
                                     88 ;main.c:24: void main(){
                                     89 ;	---------------------------------
                                     90 ; Function main
                                     91 ; ---------------------------------
      00000E                         92 _main::
                                     93 ;main.c:26: set_bkg_data(0,4,MazeSprites);
      00000E 11r00r00                94 	ld	de, #_MazeSprites
      000011 D5                      95 	push	de
      000012 21 00 04                96 	ld	hl, #0x400
      000015 E5                      97 	push	hl
      000016 CDr00r00                98 	call	_set_bkg_data
      000019 E8 04                   99 	add	sp, #4
                                    100 ;main.c:27: set_bkg_tiles(0,0,20,18, MazeMap);
      00001B 11r40r00               101 	ld	de, #_MazeMap
      00001E D5                     102 	push	de
      00001F 21 14 12               103 	ld	hl, #0x1214
      000022 E5                     104 	push	hl
      000023 AF                     105 	xor	a, a
      000024 0F                     106 	rrca
      000025 F5                     107 	push	af
      000026 CDr00r00               108 	call	_set_bkg_tiles
      000029 E8 06                  109 	add	sp, #6
                                    110 ;main.c:29: set_sprite_data(0,1,snail);
      00002B 11rA8r01               111 	ld	de, #_snail
      00002E D5                     112 	push	de
      00002F AF                     113 	xor	a, a
      000030 3C                     114 	inc	a
      000031 F5                     115 	push	af
      000032 CDr00r00               116 	call	_set_sprite_data
      000035 E8 04                  117 	add	sp, #4
                                    118 ;c:/gbdk/include/gb/gb.h:1174: shadow_OAM[nb].tile=tile;
      000037 21r02r00               119 	ld	hl, #(_shadow_OAM + 2)
      00003A 36 00                  120 	ld	(hl), #0x00
                                    121 ;main.c:32: playerlocation[0] = 16;
      00003C 21r00r00               122 	ld	hl, #_playerlocation
      00003F 36 10                  123 	ld	(hl), #0x10
                                    124 ;main.c:33: playerlocation[1] = 24;
      000041 21r01r00               125 	ld	hl, #(_playerlocation + 1)
      000044 36 18                  126 	ld	(hl), #0x18
                                    127 ;main.c:35: move_sprite(0,playerlocation[0], playerlocation[1]);
      000046 21r01r00               128 	ld	hl, #(_playerlocation + 1)
      000049 46                     129 	ld	b, (hl)
      00004A 21r00r00               130 	ld	hl, #_playerlocation
      00004D 4E                     131 	ld	c, (hl)
                                    132 ;c:/gbdk/include/gb/gb.h:1247: OAM_item_t * itm = &shadow_OAM[nb];
      00004E 21r00r00               133 	ld	hl, #_shadow_OAM
                                    134 ;c:/gbdk/include/gb/gb.h:1248: itm->y=y, itm->x=x;
      000051 78                     135 	ld	a, b
      000052 22                     136 	ld	(hl+), a
      000053 71                     137 	ld	(hl), c
                                    138 ;main.c:37: SHOW_SPRITES;
      000054 F0r00                  139 	ldh	a, (_LCDC_REG + 0)
      000056 F6 02                  140 	or	a, #0x02
      000058 E0r00                  141 	ldh	(_LCDC_REG + 0), a
                                    142 ;main.c:38: SHOW_BKG;
      00005A F0r00                  143 	ldh	a, (_LCDC_REG + 0)
      00005C F6 01                  144 	or	a, #0x01
      00005E E0r00                  145 	ldh	(_LCDC_REG + 0), a
                                    146 ;main.c:39: DISPLAY_ON;
      000060 F0r00                  147 	ldh	a, (_LCDC_REG + 0)
      000062 F6 80                  148 	or	a, #0x80
      000064 E0r00                  149 	ldh	(_LCDC_REG + 0), a
                                    150 ;main.c:41: while (1)
      000066                        151 00113$:
                                    152 ;main.c:43: if(joypad() & J_LEFT){
      000066 CDr00r00               153 	call	_joypad
      000069 CB 4B                  154 	bit	1, e
      00006B 28 18                  155 	jr	Z, 00110$
                                    156 ;main.c:44: playerlocation[0] -=8;
      00006D FAr00r00               157 	ld	a, (#_playerlocation + 0)
      000070 C6 F8                  158 	add	a, #0xf8
      000072 EAr00r00               159 	ld	(#_playerlocation),a
                                    160 ;main.c:45: move_sprite(0,playerlocation[0],playerlocation[1]);
      000075 21r01r00               161 	ld	hl, #(_playerlocation + 1)
      000078 4E                     162 	ld	c, (hl)
      000079 21r00r00               163 	ld	hl, #_playerlocation
      00007C 46                     164 	ld	b, (hl)
                                    165 ;c:/gbdk/include/gb/gb.h:1247: OAM_item_t * itm = &shadow_OAM[nb];
      00007D 21r00r00               166 	ld	hl, #_shadow_OAM
                                    167 ;c:/gbdk/include/gb/gb.h:1248: itm->y=y, itm->x=x;
      000080 79                     168 	ld	a, c
      000081 22                     169 	ld	(hl+), a
      000082 70                     170 	ld	(hl), b
                                    171 ;main.c:45: move_sprite(0,playerlocation[0],playerlocation[1]);
      000083 18 5B                  172 	jr	00111$
      000085                        173 00110$:
                                    174 ;main.c:48: else if(joypad() & J_RIGHT){
      000085 CDr00r00               175 	call	_joypad
      000088 7B                     176 	ld	a, e
      000089 0F                     177 	rrca
      00008A 30 18                  178 	jr	NC, 00107$
                                    179 ;main.c:49: playerlocation[0] +=8;
      00008C FAr00r00               180 	ld	a, (#_playerlocation + 0)
      00008F C6 08                  181 	add	a, #0x08
      000091 EAr00r00               182 	ld	(#_playerlocation),a
                                    183 ;main.c:50: move_sprite(0,playerlocation[0],playerlocation[1]);
      000094 21r01r00               184 	ld	hl, #(_playerlocation + 1)
      000097 46                     185 	ld	b, (hl)
      000098 21r00r00               186 	ld	hl, #_playerlocation
      00009B 4E                     187 	ld	c, (hl)
                                    188 ;c:/gbdk/include/gb/gb.h:1247: OAM_item_t * itm = &shadow_OAM[nb];
      00009C 21r00r00               189 	ld	hl, #_shadow_OAM
                                    190 ;c:/gbdk/include/gb/gb.h:1248: itm->y=y, itm->x=x;
      00009F 78                     191 	ld	a, b
      0000A0 22                     192 	ld	(hl+), a
      0000A1 71                     193 	ld	(hl), c
                                    194 ;main.c:50: move_sprite(0,playerlocation[0],playerlocation[1]);
      0000A2 18 3C                  195 	jr	00111$
      0000A4                        196 00107$:
                                    197 ;main.c:53: else if(joypad() & J_UP){
      0000A4 CDr00r00               198 	call	_joypad
      0000A7 CB 53                  199 	bit	2, e
      0000A9 28 18                  200 	jr	Z, 00104$
                                    201 ;main.c:54: playerlocation[1] -=8;
      0000AB FAr01r00               202 	ld	a, (#(_playerlocation + 1) + 0)
      0000AE C6 F8                  203 	add	a, #0xf8
      0000B0 EAr01r00               204 	ld	(#(_playerlocation + 1)),a
                                    205 ;main.c:55: move_sprite(0,playerlocation[0],playerlocation[1]);
      0000B3 21r01r00               206 	ld	hl, #(_playerlocation + 1)
      0000B6 4E                     207 	ld	c, (hl)
      0000B7 21r00r00               208 	ld	hl, #_playerlocation
      0000BA 46                     209 	ld	b, (hl)
                                    210 ;c:/gbdk/include/gb/gb.h:1247: OAM_item_t * itm = &shadow_OAM[nb];
      0000BB 21r00r00               211 	ld	hl, #_shadow_OAM
                                    212 ;c:/gbdk/include/gb/gb.h:1248: itm->y=y, itm->x=x;
      0000BE 79                     213 	ld	a, c
      0000BF 22                     214 	ld	(hl+), a
      0000C0 70                     215 	ld	(hl), b
                                    216 ;main.c:55: move_sprite(0,playerlocation[0],playerlocation[1]);
      0000C1 18 1D                  217 	jr	00111$
      0000C3                        218 00104$:
                                    219 ;main.c:58: else if(joypad() & J_DOWN){
      0000C3 CDr00r00               220 	call	_joypad
      0000C6 CB 5B                  221 	bit	3, e
      0000C8 28 16                  222 	jr	Z, 00111$
                                    223 ;main.c:59: playerlocation[1] +=8;
      0000CA FAr01r00               224 	ld	a, (#(_playerlocation + 1) + 0)
      0000CD C6 08                  225 	add	a, #0x08
      0000CF EAr01r00               226 	ld	(#(_playerlocation + 1)),a
                                    227 ;main.c:60: move_sprite(0,playerlocation[0],playerlocation[1]);
      0000D2 21r01r00               228 	ld	hl, #(_playerlocation + 1)
      0000D5 4E                     229 	ld	c, (hl)
      0000D6 21r00r00               230 	ld	hl, #_playerlocation
      0000D9 46                     231 	ld	b, (hl)
                                    232 ;c:/gbdk/include/gb/gb.h:1247: OAM_item_t * itm = &shadow_OAM[nb];
      0000DA 21r00r00               233 	ld	hl, #_shadow_OAM
                                    234 ;c:/gbdk/include/gb/gb.h:1248: itm->y=y, itm->x=x;
      0000DD 79                     235 	ld	a, c
      0000DE 22                     236 	ld	(hl+), a
      0000DF 70                     237 	ld	(hl), b
                                    238 ;main.c:60: move_sprite(0,playerlocation[0],playerlocation[1]);
      0000E0                        239 00111$:
                                    240 ;main.c:63: performantdelay(5);
      0000E0 3E 05                  241 	ld	a, #0x05
      0000E2 F5                     242 	push	af
      0000E3 33                     243 	inc	sp
      0000E4 CDr00r00               244 	call	_performantdelay
      0000E7 33                     245 	inc	sp
                                    246 ;main.c:67: }
      0000E8 C3r66r00               247 	jp	00113$
                                    248 	.area _CODE
                                    249 	.area _INITIALIZER
      000000                        250 __xinit__MazeSprites:
      000000 00                     251 	.db #0x00	; 0
      000001 00                     252 	.db #0x00	; 0
      000002 00                     253 	.db #0x00	; 0
      000003 00                     254 	.db #0x00	; 0
      000004 00                     255 	.db #0x00	; 0
      000005 00                     256 	.db #0x00	; 0
      000006 00                     257 	.db #0x00	; 0
      000007 00                     258 	.db #0x00	; 0
      000008 00                     259 	.db #0x00	; 0
      000009 00                     260 	.db #0x00	; 0
      00000A 00                     261 	.db #0x00	; 0
      00000B 00                     262 	.db #0x00	; 0
      00000C 00                     263 	.db #0x00	; 0
      00000D 00                     264 	.db #0x00	; 0
      00000E 00                     265 	.db #0x00	; 0
      00000F 00                     266 	.db #0x00	; 0
      000010 7E                     267 	.db #0x7e	; 126
      000011 7E                     268 	.db #0x7e	; 126
      000012 DF                     269 	.db #0xdf	; 223
      000013 E3                     270 	.db #0xe3	; 227
      000014 B7                     271 	.db #0xb7	; 183
      000015 C9                     272 	.db #0xc9	; 201
      000016 AB                     273 	.db #0xab	; 171
      000017 D5                     274 	.db #0xd5	; 213
      000018 97                     275 	.db #0x97	; 151
      000019 E9                     276 	.db #0xe9	; 233
      00001A AB                     277 	.db #0xab	; 171
      00001B D5                     278 	.db #0xd5	; 213
      00001C C7                     279 	.db #0xc7	; 199
      00001D FB                     280 	.db #0xfb	; 251
      00001E 7E                     281 	.db #0x7e	; 126
      00001F 7E                     282 	.db #0x7e	; 126
      000020 18                     283 	.db #0x18	; 24
      000021 18                     284 	.db #0x18	; 24
      000022 76                     285 	.db #0x76	; 118	'v'
      000023 6E                     286 	.db #0x6e	; 110	'n'
      000024 D7                     287 	.db #0xd7	; 215
      000025 EB                     288 	.db #0xeb	; 235
      000026 D5                     289 	.db #0xd5	; 213
      000027 AB                     290 	.db #0xab	; 171
      000028 D5                     291 	.db #0xd5	; 213
      000029 AB                     292 	.db #0xab	; 171
      00002A D5                     293 	.db #0xd5	; 213
      00002B AB                     294 	.db #0xab	; 171
      00002C D5                     295 	.db #0xd5	; 213
      00002D AB                     296 	.db #0xab	; 171
      00002E D5                     297 	.db #0xd5	; 213
      00002F AB                     298 	.db #0xab	; 171
      000030 00                     299 	.db #0x00	; 0
      000031 38                     300 	.db #0x38	; 56	'8'
      000032 28                     301 	.db #0x28	; 40
      000033 44                     302 	.db #0x44	; 68	'D'
      000034 28                     303 	.db #0x28	; 40
      000035 44                     304 	.db #0x44	; 68	'D'
      000036 00                     305 	.db #0x00	; 0
      000037 38                     306 	.db #0x38	; 56	'8'
      000038 00                     307 	.db #0x00	; 0
      000039 10                     308 	.db #0x10	; 16
      00003A 00                     309 	.db #0x00	; 0
      00003B 18                     310 	.db #0x18	; 24
      00003C 00                     311 	.db #0x00	; 0
      00003D 10                     312 	.db #0x10	; 16
      00003E 00                     313 	.db #0x00	; 0
      00003F 1C                     314 	.db #0x1c	; 28
      000040                        315 __xinit__MazeMap:
      000040 01                     316 	.db #0x01	; 1
      000041 01                     317 	.db #0x01	; 1
      000042 01                     318 	.db #0x01	; 1
      000043 01                     319 	.db #0x01	; 1
      000044 01                     320 	.db #0x01	; 1
      000045 01                     321 	.db #0x01	; 1
      000046 01                     322 	.db #0x01	; 1
      000047 01                     323 	.db #0x01	; 1
      000048 01                     324 	.db #0x01	; 1
      000049 01                     325 	.db #0x01	; 1
      00004A 01                     326 	.db #0x01	; 1
      00004B 01                     327 	.db #0x01	; 1
      00004C 01                     328 	.db #0x01	; 1
      00004D 01                     329 	.db #0x01	; 1
      00004E 01                     330 	.db #0x01	; 1
      00004F 01                     331 	.db #0x01	; 1
      000050 01                     332 	.db #0x01	; 1
      000051 01                     333 	.db #0x01	; 1
      000052 01                     334 	.db #0x01	; 1
      000053 01                     335 	.db #0x01	; 1
      000054 01                     336 	.db #0x01	; 1
      000055 00                     337 	.db #0x00	; 0
      000056 01                     338 	.db #0x01	; 1
      000057 00                     339 	.db #0x00	; 0
      000058 00                     340 	.db #0x00	; 0
      000059 00                     341 	.db #0x00	; 0
      00005A 00                     342 	.db #0x00	; 0
      00005B 00                     343 	.db #0x00	; 0
      00005C 00                     344 	.db #0x00	; 0
      00005D 00                     345 	.db #0x00	; 0
      00005E 00                     346 	.db #0x00	; 0
      00005F 00                     347 	.db #0x00	; 0
      000060 00                     348 	.db #0x00	; 0
      000061 00                     349 	.db #0x00	; 0
      000062 00                     350 	.db #0x00	; 0
      000063 00                     351 	.db #0x00	; 0
      000064 00                     352 	.db #0x00	; 0
      000065 00                     353 	.db #0x00	; 0
      000066 00                     354 	.db #0x00	; 0
      000067 01                     355 	.db #0x01	; 1
      000068 01                     356 	.db #0x01	; 1
      000069 00                     357 	.db #0x00	; 0
      00006A 01                     358 	.db #0x01	; 1
      00006B 00                     359 	.db #0x00	; 0
      00006C 01                     360 	.db #0x01	; 1
      00006D 01                     361 	.db #0x01	; 1
      00006E 01                     362 	.db #0x01	; 1
      00006F 01                     363 	.db #0x01	; 1
      000070 01                     364 	.db #0x01	; 1
      000071 01                     365 	.db #0x01	; 1
      000072 00                     366 	.db #0x00	; 0
      000073 01                     367 	.db #0x01	; 1
      000074 01                     368 	.db #0x01	; 1
      000075 01                     369 	.db #0x01	; 1
      000076 01                     370 	.db #0x01	; 1
      000077 01                     371 	.db #0x01	; 1
      000078 01                     372 	.db #0x01	; 1
      000079 01                     373 	.db #0x01	; 1
      00007A 00                     374 	.db #0x00	; 0
      00007B 01                     375 	.db #0x01	; 1
      00007C 01                     376 	.db #0x01	; 1
      00007D 00                     377 	.db #0x00	; 0
      00007E 01                     378 	.db #0x01	; 1
      00007F 00                     379 	.db #0x00	; 0
      000080 01                     380 	.db #0x01	; 1
      000081 00                     381 	.db #0x00	; 0
      000082 00                     382 	.db #0x00	; 0
      000083 00                     383 	.db #0x00	; 0
      000084 00                     384 	.db #0x00	; 0
      000085 01                     385 	.db #0x01	; 1
      000086 00                     386 	.db #0x00	; 0
      000087 01                     387 	.db #0x01	; 1
      000088 00                     388 	.db #0x00	; 0
      000089 00                     389 	.db #0x00	; 0
      00008A 00                     390 	.db #0x00	; 0
      00008B 00                     391 	.db #0x00	; 0
      00008C 00                     392 	.db #0x00	; 0
      00008D 01                     393 	.db #0x01	; 1
      00008E 00                     394 	.db #0x00	; 0
      00008F 01                     395 	.db #0x01	; 1
      000090 01                     396 	.db #0x01	; 1
      000091 00                     397 	.db #0x00	; 0
      000092 01                     398 	.db #0x01	; 1
      000093 00                     399 	.db #0x00	; 0
      000094 01                     400 	.db #0x01	; 1
      000095 00                     401 	.db #0x00	; 0
      000096 01                     402 	.db #0x01	; 1
      000097 01                     403 	.db #0x01	; 1
      000098 01                     404 	.db #0x01	; 1
      000099 01                     405 	.db #0x01	; 1
      00009A 00                     406 	.db #0x00	; 0
      00009B 01                     407 	.db #0x01	; 1
      00009C 00                     408 	.db #0x00	; 0
      00009D 01                     409 	.db #0x01	; 1
      00009E 01                     410 	.db #0x01	; 1
      00009F 01                     411 	.db #0x01	; 1
      0000A0 01                     412 	.db #0x01	; 1
      0000A1 01                     413 	.db #0x01	; 1
      0000A2 00                     414 	.db #0x00	; 0
      0000A3 01                     415 	.db #0x01	; 1
      0000A4 01                     416 	.db #0x01	; 1
      0000A5 00                     417 	.db #0x00	; 0
      0000A6 01                     418 	.db #0x01	; 1
      0000A7 00                     419 	.db #0x00	; 0
      0000A8 01                     420 	.db #0x01	; 1
      0000A9 00                     421 	.db #0x00	; 0
      0000AA 00                     422 	.db #0x00	; 0
      0000AB 00                     423 	.db #0x00	; 0
      0000AC 00                     424 	.db #0x00	; 0
      0000AD 00                     425 	.db #0x00	; 0
      0000AE 00                     426 	.db #0x00	; 0
      0000AF 01                     427 	.db #0x01	; 1
      0000B0 00                     428 	.db #0x00	; 0
      0000B1 00                     429 	.db #0x00	; 0
      0000B2 00                     430 	.db #0x00	; 0
      0000B3 00                     431 	.db #0x00	; 0
      0000B4 00                     432 	.db #0x00	; 0
      0000B5 00                     433 	.db #0x00	; 0
      0000B6 00                     434 	.db #0x00	; 0
      0000B7 01                     435 	.db #0x01	; 1
      0000B8 01                     436 	.db #0x01	; 1
      0000B9 00                     437 	.db #0x00	; 0
      0000BA 01                     438 	.db #0x01	; 1
      0000BB 00                     439 	.db #0x00	; 0
      0000BC 01                     440 	.db #0x01	; 1
      0000BD 00                     441 	.db #0x00	; 0
      0000BE 01                     442 	.db #0x01	; 1
      0000BF 01                     443 	.db #0x01	; 1
      0000C0 01                     444 	.db #0x01	; 1
      0000C1 01                     445 	.db #0x01	; 1
      0000C2 01                     446 	.db #0x01	; 1
      0000C3 01                     447 	.db #0x01	; 1
      0000C4 00                     448 	.db #0x00	; 0
      0000C5 01                     449 	.db #0x01	; 1
      0000C6 01                     450 	.db #0x01	; 1
      0000C7 01                     451 	.db #0x01	; 1
      0000C8 01                     452 	.db #0x01	; 1
      0000C9 01                     453 	.db #0x01	; 1
      0000CA 01                     454 	.db #0x01	; 1
      0000CB 01                     455 	.db #0x01	; 1
      0000CC 01                     456 	.db #0x01	; 1
      0000CD 00                     457 	.db #0x00	; 0
      0000CE 01                     458 	.db #0x01	; 1
      0000CF 00                     459 	.db #0x00	; 0
      0000D0 01                     460 	.db #0x01	; 1
      0000D1 00                     461 	.db #0x00	; 0
      0000D2 01                     462 	.db #0x01	; 1
      0000D3 00                     463 	.db #0x00	; 0
      0000D4 00                     464 	.db #0x00	; 0
      0000D5 00                     465 	.db #0x00	; 0
      0000D6 00                     466 	.db #0x00	; 0
      0000D7 00                     467 	.db #0x00	; 0
      0000D8 00                     468 	.db #0x00	; 0
      0000D9 01                     469 	.db #0x01	; 1
      0000DA 00                     470 	.db #0x00	; 0
      0000DB 00                     471 	.db #0x00	; 0
      0000DC 00                     472 	.db #0x00	; 0
      0000DD 00                     473 	.db #0x00	; 0
      0000DE 00                     474 	.db #0x00	; 0
      0000DF 01                     475 	.db #0x01	; 1
      0000E0 01                     476 	.db #0x01	; 1
      0000E1 00                     477 	.db #0x00	; 0
      0000E2 00                     478 	.db #0x00	; 0
      0000E3 00                     479 	.db #0x00	; 0
      0000E4 01                     480 	.db #0x01	; 1
      0000E5 00                     481 	.db #0x00	; 0
      0000E6 01                     482 	.db #0x01	; 1
      0000E7 00                     483 	.db #0x00	; 0
      0000E8 01                     484 	.db #0x01	; 1
      0000E9 01                     485 	.db #0x01	; 1
      0000EA 01                     486 	.db #0x01	; 1
      0000EB 01                     487 	.db #0x01	; 1
      0000EC 01                     488 	.db #0x01	; 1
      0000ED 01                     489 	.db #0x01	; 1
      0000EE 00                     490 	.db #0x00	; 0
      0000EF 01                     491 	.db #0x01	; 1
      0000F0 01                     492 	.db #0x01	; 1
      0000F1 01                     493 	.db #0x01	; 1
      0000F2 00                     494 	.db #0x00	; 0
      0000F3 01                     495 	.db #0x01	; 1
      0000F4 01                     496 	.db #0x01	; 1
      0000F5 01                     497 	.db #0x01	; 1
      0000F6 01                     498 	.db #0x01	; 1
      0000F7 01                     499 	.db #0x01	; 1
      0000F8 01                     500 	.db #0x01	; 1
      0000F9 00                     501 	.db #0x00	; 0
      0000FA 01                     502 	.db #0x01	; 1
      0000FB 00                     503 	.db #0x00	; 0
      0000FC 01                     504 	.db #0x01	; 1
      0000FD 00                     505 	.db #0x00	; 0
      0000FE 00                     506 	.db #0x00	; 0
      0000FF 00                     507 	.db #0x00	; 0
      000100 00                     508 	.db #0x00	; 0
      000101 00                     509 	.db #0x00	; 0
      000102 00                     510 	.db #0x00	; 0
      000103 01                     511 	.db #0x01	; 1
      000104 00                     512 	.db #0x00	; 0
      000105 01                     513 	.db #0x01	; 1
      000106 00                     514 	.db #0x00	; 0
      000107 01                     515 	.db #0x01	; 1
      000108 01                     516 	.db #0x01	; 1
      000109 00                     517 	.db #0x00	; 0
      00010A 00                     518 	.db #0x00	; 0
      00010B 00                     519 	.db #0x00	; 0
      00010C 00                     520 	.db #0x00	; 0
      00010D 00                     521 	.db #0x00	; 0
      00010E 01                     522 	.db #0x01	; 1
      00010F 00                     523 	.db #0x00	; 0
      000110 01                     524 	.db #0x01	; 1
      000111 00                     525 	.db #0x00	; 0
      000112 01                     526 	.db #0x01	; 1
      000113 01                     527 	.db #0x01	; 1
      000114 01                     528 	.db #0x01	; 1
      000115 01                     529 	.db #0x01	; 1
      000116 01                     530 	.db #0x01	; 1
      000117 01                     531 	.db #0x01	; 1
      000118 00                     532 	.db #0x00	; 0
      000119 01                     533 	.db #0x01	; 1
      00011A 00                     534 	.db #0x00	; 0
      00011B 01                     535 	.db #0x01	; 1
      00011C 01                     536 	.db #0x01	; 1
      00011D 00                     537 	.db #0x00	; 0
      00011E 01                     538 	.db #0x01	; 1
      00011F 01                     539 	.db #0x01	; 1
      000120 01                     540 	.db #0x01	; 1
      000121 01                     541 	.db #0x01	; 1
      000122 01                     542 	.db #0x01	; 1
      000123 00                     543 	.db #0x00	; 0
      000124 01                     544 	.db #0x01	; 1
      000125 00                     545 	.db #0x00	; 0
      000126 01                     546 	.db #0x01	; 1
      000127 00                     547 	.db #0x00	; 0
      000128 00                     548 	.db #0x00	; 0
      000129 00                     549 	.db #0x00	; 0
      00012A 00                     550 	.db #0x00	; 0
      00012B 00                     551 	.db #0x00	; 0
      00012C 00                     552 	.db #0x00	; 0
      00012D 01                     553 	.db #0x01	; 1
      00012E 00                     554 	.db #0x00	; 0
      00012F 01                     555 	.db #0x01	; 1
      000130 01                     556 	.db #0x01	; 1
      000131 00                     557 	.db #0x00	; 0
      000132 01                     558 	.db #0x01	; 1
      000133 00                     559 	.db #0x00	; 0
      000134 00                     560 	.db #0x00	; 0
      000135 00                     561 	.db #0x00	; 0
      000136 00                     562 	.db #0x00	; 0
      000137 00                     563 	.db #0x00	; 0
      000138 01                     564 	.db #0x01	; 1
      000139 00                     565 	.db #0x00	; 0
      00013A 01                     566 	.db #0x01	; 1
      00013B 00                     567 	.db #0x00	; 0
      00013C 01                     568 	.db #0x01	; 1
      00013D 01                     569 	.db #0x01	; 1
      00013E 01                     570 	.db #0x01	; 1
      00013F 01                     571 	.db #0x01	; 1
      000140 01                     572 	.db #0x01	; 1
      000141 01                     573 	.db #0x01	; 1
      000142 00                     574 	.db #0x00	; 0
      000143 01                     575 	.db #0x01	; 1
      000144 01                     576 	.db #0x01	; 1
      000145 00                     577 	.db #0x00	; 0
      000146 01                     578 	.db #0x01	; 1
      000147 02                     579 	.db #0x02	; 2
      000148 01                     580 	.db #0x01	; 1
      000149 01                     581 	.db #0x01	; 1
      00014A 01                     582 	.db #0x01	; 1
      00014B 01                     583 	.db #0x01	; 1
      00014C 01                     584 	.db #0x01	; 1
      00014D 00                     585 	.db #0x00	; 0
      00014E 01                     586 	.db #0x01	; 1
      00014F 00                     587 	.db #0x00	; 0
      000150 01                     588 	.db #0x01	; 1
      000151 00                     589 	.db #0x00	; 0
      000152 00                     590 	.db #0x00	; 0
      000153 00                     591 	.db #0x00	; 0
      000154 00                     592 	.db #0x00	; 0
      000155 00                     593 	.db #0x00	; 0
      000156 00                     594 	.db #0x00	; 0
      000157 01                     595 	.db #0x01	; 1
      000158 01                     596 	.db #0x01	; 1
      000159 00                     597 	.db #0x00	; 0
      00015A 01                     598 	.db #0x01	; 1
      00015B 00                     599 	.db #0x00	; 0
      00015C 01                     600 	.db #0x01	; 1
      00015D 00                     601 	.db #0x00	; 0
      00015E 00                     602 	.db #0x00	; 0
      00015F 00                     603 	.db #0x00	; 0
      000160 00                     604 	.db #0x00	; 0
      000161 00                     605 	.db #0x00	; 0
      000162 01                     606 	.db #0x01	; 1
      000163 00                     607 	.db #0x00	; 0
      000164 01                     608 	.db #0x01	; 1
      000165 00                     609 	.db #0x00	; 0
      000166 00                     610 	.db #0x00	; 0
      000167 00                     611 	.db #0x00	; 0
      000168 00                     612 	.db #0x00	; 0
      000169 01                     613 	.db #0x01	; 1
      00016A 00                     614 	.db #0x00	; 0
      00016B 01                     615 	.db #0x01	; 1
      00016C 01                     616 	.db #0x01	; 1
      00016D 00                     617 	.db #0x00	; 0
      00016E 01                     618 	.db #0x01	; 1
      00016F 00                     619 	.db #0x00	; 0
      000170 01                     620 	.db #0x01	; 1
      000171 01                     621 	.db #0x01	; 1
      000172 01                     622 	.db #0x01	; 1
      000173 01                     623 	.db #0x01	; 1
      000174 01                     624 	.db #0x01	; 1
      000175 01                     625 	.db #0x01	; 1
      000176 01                     626 	.db #0x01	; 1
      000177 00                     627 	.db #0x00	; 0
      000178 01                     628 	.db #0x01	; 1
      000179 01                     629 	.db #0x01	; 1
      00017A 01                     630 	.db #0x01	; 1
      00017B 01                     631 	.db #0x01	; 1
      00017C 01                     632 	.db #0x01	; 1
      00017D 01                     633 	.db #0x01	; 1
      00017E 00                     634 	.db #0x00	; 0
      00017F 01                     635 	.db #0x01	; 1
      000180 01                     636 	.db #0x01	; 1
      000181 03                     637 	.db #0x03	; 3
      000182 01                     638 	.db #0x01	; 1
      000183 00                     639 	.db #0x00	; 0
      000184 00                     640 	.db #0x00	; 0
      000185 00                     641 	.db #0x00	; 0
      000186 00                     642 	.db #0x00	; 0
      000187 00                     643 	.db #0x00	; 0
      000188 00                     644 	.db #0x00	; 0
      000189 00                     645 	.db #0x00	; 0
      00018A 00                     646 	.db #0x00	; 0
      00018B 00                     647 	.db #0x00	; 0
      00018C 00                     648 	.db #0x00	; 0
      00018D 00                     649 	.db #0x00	; 0
      00018E 00                     650 	.db #0x00	; 0
      00018F 00                     651 	.db #0x00	; 0
      000190 00                     652 	.db #0x00	; 0
      000191 00                     653 	.db #0x00	; 0
      000192 00                     654 	.db #0x00	; 0
      000193 00                     655 	.db #0x00	; 0
      000194 01                     656 	.db #0x01	; 1
      000195 01                     657 	.db #0x01	; 1
      000196 01                     658 	.db #0x01	; 1
      000197 01                     659 	.db #0x01	; 1
      000198 01                     660 	.db #0x01	; 1
      000199 01                     661 	.db #0x01	; 1
      00019A 01                     662 	.db #0x01	; 1
      00019B 01                     663 	.db #0x01	; 1
      00019C 01                     664 	.db #0x01	; 1
      00019D 01                     665 	.db #0x01	; 1
      00019E 01                     666 	.db #0x01	; 1
      00019F 01                     667 	.db #0x01	; 1
      0001A0 01                     668 	.db #0x01	; 1
      0001A1 01                     669 	.db #0x01	; 1
      0001A2 01                     670 	.db #0x01	; 1
      0001A3 01                     671 	.db #0x01	; 1
      0001A4 01                     672 	.db #0x01	; 1
      0001A5 01                     673 	.db #0x01	; 1
      0001A6 01                     674 	.db #0x01	; 1
      0001A7 01                     675 	.db #0x01	; 1
      0001A8                        676 __xinit__snail:
      0001A8 00                     677 	.db #0x00	; 0
      0001A9 00                     678 	.db #0x00	; 0
      0001AA 00                     679 	.db #0x00	; 0
      0001AB 00                     680 	.db #0x00	; 0
      0001AC 30                     681 	.db #0x30	; 48	'0'
      0001AD 30                     682 	.db #0x30	; 48	'0'
      0001AE 78                     683 	.db #0x78	; 120	'x'
      0001AF 78                     684 	.db #0x78	; 120	'x'
      0001B0 7A                     685 	.db #0x7a	; 122	'z'
      0001B1 78                     686 	.db #0x78	; 120	'x'
      0001B2 7C                     687 	.db #0x7c	; 124
      0001B3 7A                     688 	.db #0x7a	; 122	'z'
      0001B4 3E                     689 	.db #0x3e	; 62
      0001B5 30                     690 	.db #0x30	; 48	'0'
      0001B6 00                     691 	.db #0x00	; 0
      0001B7 00                     692 	.db #0x00	; 0
                                    693 	.area _CABS (ABS)
