                                      1 ;--------------------------------------------------------
                                      2 ; File Created by SDCC : free open source ANSI-C Compiler
                                      3 ; Version 4.1.6 #12439 (MINGW32)
                                      4 ;--------------------------------------------------------
                                      5 	.module main
                                      6 	.optsdcc -mgbz80
                                      7 	
                                      8 ;--------------------------------------------------------
                                      9 ; Public variables in this module
                                     10 ;--------------------------------------------------------
                                     11 	.globl _main
                                     12 	.globl _set_bkg_tiles
                                     13 	.globl _set_bkg_data
                                     14 	.globl _delay
                                     15 	.globl _backgroundTiles
                                     16 	.globl _backgroundmap
                                     17 ;--------------------------------------------------------
                                     18 ; special function registers
                                     19 ;--------------------------------------------------------
                                     20 ;--------------------------------------------------------
                                     21 ; ram data
                                     22 ;--------------------------------------------------------
                                     23 	.area _DATA
                                     24 ;--------------------------------------------------------
                                     25 ; ram data
                                     26 ;--------------------------------------------------------
                                     27 	.area _INITIALIZED
      000000                         28 _backgroundmap::
      000000                         29 	.ds 720
      0002D0                         30 _backgroundTiles::
      0002D0                         31 	.ds 128
                                     32 ;--------------------------------------------------------
                                     33 ; absolute external ram data
                                     34 ;--------------------------------------------------------
                                     35 	.area _DABS (ABS)
                                     36 ;--------------------------------------------------------
                                     37 ; global & static initialisations
                                     38 ;--------------------------------------------------------
                                     39 	.area _HOME
                                     40 	.area _GSINIT
                                     41 	.area _GSFINAL
                                     42 	.area _GSINIT
                                     43 ;--------------------------------------------------------
                                     44 ; Home
                                     45 ;--------------------------------------------------------
                                     46 	.area _HOME
                                     47 	.area _HOME
                                     48 ;--------------------------------------------------------
                                     49 ; code
                                     50 ;--------------------------------------------------------
                                     51 	.area _CODE
                                     52 ;main.c:6: void main(){
                                     53 ;	---------------------------------
                                     54 ; Function main
                                     55 ; ---------------------------------
      000000                         56 _main::
                                     57 ;main.c:7: set_bkg_data(0,7,backgroundTiles);
      000000 11rD0r02                58 	ld	de, #_backgroundTiles
      000003 D5                      59 	push	de
      000004 21 00 07                60 	ld	hl, #0x700
      000007 E5                      61 	push	hl
      000008 CDr00r00                62 	call	_set_bkg_data
      00000B E8 04                   63 	add	sp, #4
                                     64 ;main.c:8: set_bkg_tiles(0,0,40,18,backgroundmap);
      00000D 11r00r00                65 	ld	de, #_backgroundmap
      000010 D5                      66 	push	de
      000011 21 28 12                67 	ld	hl, #0x1228
      000014 E5                      68 	push	hl
      000015 AF                      69 	xor	a, a
      000016 0F                      70 	rrca
      000017 F5                      71 	push	af
      000018 CDr00r00                72 	call	_set_bkg_tiles
      00001B E8 06                   73 	add	sp, #6
                                     74 ;main.c:10: SHOW_BKG;
      00001D F0r00                   75 	ldh	a, (_LCDC_REG + 0)
      00001F F6 01                   76 	or	a, #0x01
      000021 E0r00                   77 	ldh	(_LCDC_REG + 0), a
                                     78 ;main.c:11: DISPLAY_ON;
      000023 F0r00                   79 	ldh	a, (_LCDC_REG + 0)
      000025 F6 80                   80 	or	a, #0x80
      000027 E0r00                   81 	ldh	(_LCDC_REG + 0), a
                                     82 ;main.c:13: while(1){
      000029                         83 00102$:
                                     84 ;c:/gbdk/include/gb/gb.h:860: SCX_REG+=x, SCY_REG+=y;
      000029 F0r00                   85 	ldh	a, (_SCX_REG + 0)
      00002B 3C                      86 	inc	a
      00002C E0r00                   87 	ldh	(_SCX_REG + 0), a
                                     88 ;main.c:16: delay(100);
      00002E 11 64 00                89 	ld	de, #0x0064
      000031 D5                      90 	push	de
      000032 CDr00r00                91 	call	_delay
      000035 E1                      92 	pop	hl
                                     93 ;main.c:21: }
      000036 18 F1                   94 	jr	00102$
                                     95 	.area _CODE
                                     96 	.area _INITIALIZER
      000000                         97 __xinit__backgroundmap:
      000000 00                      98 	.db #0x00	; 0
      000001 00                      99 	.db #0x00	; 0
      000002 00                     100 	.db #0x00	; 0
      000003 00                     101 	.db #0x00	; 0
      000004 00                     102 	.db #0x00	; 0
      000005 00                     103 	.db #0x00	; 0
      000006 00                     104 	.db #0x00	; 0
      000007 00                     105 	.db #0x00	; 0
      000008 00                     106 	.db #0x00	; 0
      000009 00                     107 	.db #0x00	; 0
      00000A 00                     108 	.db #0x00	; 0
      00000B 00                     109 	.db #0x00	; 0
      00000C 00                     110 	.db #0x00	; 0
      00000D 00                     111 	.db #0x00	; 0
      00000E 00                     112 	.db #0x00	; 0
      00000F 00                     113 	.db #0x00	; 0
      000010 00                     114 	.db #0x00	; 0
      000011 00                     115 	.db #0x00	; 0
      000012 00                     116 	.db #0x00	; 0
      000013 00                     117 	.db #0x00	; 0
      000014 00                     118 	.db #0x00	; 0
      000015 00                     119 	.db #0x00	; 0
      000016 00                     120 	.db #0x00	; 0
      000017 00                     121 	.db #0x00	; 0
      000018 00                     122 	.db #0x00	; 0
      000019 00                     123 	.db #0x00	; 0
      00001A 00                     124 	.db #0x00	; 0
      00001B 00                     125 	.db #0x00	; 0
      00001C 00                     126 	.db #0x00	; 0
      00001D 00                     127 	.db #0x00	; 0
      00001E 00                     128 	.db #0x00	; 0
      00001F 00                     129 	.db #0x00	; 0
      000020 00                     130 	.db #0x00	; 0
      000021 00                     131 	.db #0x00	; 0
      000022 00                     132 	.db #0x00	; 0
      000023 00                     133 	.db #0x00	; 0
      000024 00                     134 	.db #0x00	; 0
      000025 00                     135 	.db #0x00	; 0
      000026 00                     136 	.db #0x00	; 0
      000027 00                     137 	.db #0x00	; 0
      000028 00                     138 	.db #0x00	; 0
      000029 00                     139 	.db #0x00	; 0
      00002A 00                     140 	.db #0x00	; 0
      00002B 00                     141 	.db #0x00	; 0
      00002C 00                     142 	.db #0x00	; 0
      00002D 00                     143 	.db #0x00	; 0
      00002E 00                     144 	.db #0x00	; 0
      00002F 00                     145 	.db #0x00	; 0
      000030 00                     146 	.db #0x00	; 0
      000031 00                     147 	.db #0x00	; 0
      000032 00                     148 	.db #0x00	; 0
      000033 00                     149 	.db #0x00	; 0
      000034 00                     150 	.db #0x00	; 0
      000035 00                     151 	.db #0x00	; 0
      000036 00                     152 	.db #0x00	; 0
      000037 00                     153 	.db #0x00	; 0
      000038 00                     154 	.db #0x00	; 0
      000039 00                     155 	.db #0x00	; 0
      00003A 00                     156 	.db #0x00	; 0
      00003B 00                     157 	.db #0x00	; 0
      00003C 00                     158 	.db #0x00	; 0
      00003D 00                     159 	.db #0x00	; 0
      00003E 00                     160 	.db #0x00	; 0
      00003F 00                     161 	.db #0x00	; 0
      000040 00                     162 	.db #0x00	; 0
      000041 00                     163 	.db #0x00	; 0
      000042 00                     164 	.db #0x00	; 0
      000043 00                     165 	.db #0x00	; 0
      000044 00                     166 	.db #0x00	; 0
      000045 00                     167 	.db #0x00	; 0
      000046 00                     168 	.db #0x00	; 0
      000047 00                     169 	.db #0x00	; 0
      000048 00                     170 	.db #0x00	; 0
      000049 00                     171 	.db #0x00	; 0
      00004A 00                     172 	.db #0x00	; 0
      00004B 00                     173 	.db #0x00	; 0
      00004C 00                     174 	.db #0x00	; 0
      00004D 00                     175 	.db #0x00	; 0
      00004E 00                     176 	.db #0x00	; 0
      00004F 00                     177 	.db #0x00	; 0
      000050 00                     178 	.db #0x00	; 0
      000051 00                     179 	.db #0x00	; 0
      000052 00                     180 	.db #0x00	; 0
      000053 00                     181 	.db #0x00	; 0
      000054 00                     182 	.db #0x00	; 0
      000055 00                     183 	.db #0x00	; 0
      000056 00                     184 	.db #0x00	; 0
      000057 00                     185 	.db #0x00	; 0
      000058 00                     186 	.db #0x00	; 0
      000059 00                     187 	.db #0x00	; 0
      00005A 00                     188 	.db #0x00	; 0
      00005B 00                     189 	.db #0x00	; 0
      00005C 00                     190 	.db #0x00	; 0
      00005D 00                     191 	.db #0x00	; 0
      00005E 00                     192 	.db #0x00	; 0
      00005F 00                     193 	.db #0x00	; 0
      000060 00                     194 	.db #0x00	; 0
      000061 00                     195 	.db #0x00	; 0
      000062 00                     196 	.db #0x00	; 0
      000063 00                     197 	.db #0x00	; 0
      000064 00                     198 	.db #0x00	; 0
      000065 00                     199 	.db #0x00	; 0
      000066 00                     200 	.db #0x00	; 0
      000067 00                     201 	.db #0x00	; 0
      000068 00                     202 	.db #0x00	; 0
      000069 00                     203 	.db #0x00	; 0
      00006A 00                     204 	.db #0x00	; 0
      00006B 00                     205 	.db #0x00	; 0
      00006C 00                     206 	.db #0x00	; 0
      00006D 00                     207 	.db #0x00	; 0
      00006E 00                     208 	.db #0x00	; 0
      00006F 00                     209 	.db #0x00	; 0
      000070 00                     210 	.db #0x00	; 0
      000071 00                     211 	.db #0x00	; 0
      000072 00                     212 	.db #0x00	; 0
      000073 00                     213 	.db #0x00	; 0
      000074 00                     214 	.db #0x00	; 0
      000075 00                     215 	.db #0x00	; 0
      000076 00                     216 	.db #0x00	; 0
      000077 00                     217 	.db #0x00	; 0
      000078 00                     218 	.db #0x00	; 0
      000079 00                     219 	.db #0x00	; 0
      00007A 00                     220 	.db #0x00	; 0
      00007B 00                     221 	.db #0x00	; 0
      00007C 00                     222 	.db #0x00	; 0
      00007D 00                     223 	.db #0x00	; 0
      00007E 00                     224 	.db #0x00	; 0
      00007F 00                     225 	.db #0x00	; 0
      000080 00                     226 	.db #0x00	; 0
      000081 00                     227 	.db #0x00	; 0
      000082 00                     228 	.db #0x00	; 0
      000083 00                     229 	.db #0x00	; 0
      000084 00                     230 	.db #0x00	; 0
      000085 00                     231 	.db #0x00	; 0
      000086 00                     232 	.db #0x00	; 0
      000087 00                     233 	.db #0x00	; 0
      000088 00                     234 	.db #0x00	; 0
      000089 00                     235 	.db #0x00	; 0
      00008A 00                     236 	.db #0x00	; 0
      00008B 00                     237 	.db #0x00	; 0
      00008C 00                     238 	.db #0x00	; 0
      00008D 00                     239 	.db #0x00	; 0
      00008E 00                     240 	.db #0x00	; 0
      00008F 00                     241 	.db #0x00	; 0
      000090 00                     242 	.db #0x00	; 0
      000091 00                     243 	.db #0x00	; 0
      000092 00                     244 	.db #0x00	; 0
      000093 00                     245 	.db #0x00	; 0
      000094 00                     246 	.db #0x00	; 0
      000095 00                     247 	.db #0x00	; 0
      000096 00                     248 	.db #0x00	; 0
      000097 00                     249 	.db #0x00	; 0
      000098 00                     250 	.db #0x00	; 0
      000099 00                     251 	.db #0x00	; 0
      00009A 00                     252 	.db #0x00	; 0
      00009B 00                     253 	.db #0x00	; 0
      00009C 00                     254 	.db #0x00	; 0
      00009D 00                     255 	.db #0x00	; 0
      00009E 00                     256 	.db #0x00	; 0
      00009F 00                     257 	.db #0x00	; 0
      0000A0 00                     258 	.db #0x00	; 0
      0000A1 00                     259 	.db #0x00	; 0
      0000A2 00                     260 	.db #0x00	; 0
      0000A3 00                     261 	.db #0x00	; 0
      0000A4 00                     262 	.db #0x00	; 0
      0000A5 00                     263 	.db #0x00	; 0
      0000A6 00                     264 	.db #0x00	; 0
      0000A7 00                     265 	.db #0x00	; 0
      0000A8 00                     266 	.db #0x00	; 0
      0000A9 00                     267 	.db #0x00	; 0
      0000AA 00                     268 	.db #0x00	; 0
      0000AB 00                     269 	.db #0x00	; 0
      0000AC 00                     270 	.db #0x00	; 0
      0000AD 00                     271 	.db #0x00	; 0
      0000AE 00                     272 	.db #0x00	; 0
      0000AF 00                     273 	.db #0x00	; 0
      0000B0 00                     274 	.db #0x00	; 0
      0000B1 00                     275 	.db #0x00	; 0
      0000B2 00                     276 	.db #0x00	; 0
      0000B3 00                     277 	.db #0x00	; 0
      0000B4 00                     278 	.db #0x00	; 0
      0000B5 00                     279 	.db #0x00	; 0
      0000B6 00                     280 	.db #0x00	; 0
      0000B7 00                     281 	.db #0x00	; 0
      0000B8 00                     282 	.db #0x00	; 0
      0000B9 00                     283 	.db #0x00	; 0
      0000BA 00                     284 	.db #0x00	; 0
      0000BB 00                     285 	.db #0x00	; 0
      0000BC 00                     286 	.db #0x00	; 0
      0000BD 00                     287 	.db #0x00	; 0
      0000BE 00                     288 	.db #0x00	; 0
      0000BF 00                     289 	.db #0x00	; 0
      0000C0 00                     290 	.db #0x00	; 0
      0000C1 00                     291 	.db #0x00	; 0
      0000C2 00                     292 	.db #0x00	; 0
      0000C3 00                     293 	.db #0x00	; 0
      0000C4 00                     294 	.db #0x00	; 0
      0000C5 00                     295 	.db #0x00	; 0
      0000C6 00                     296 	.db #0x00	; 0
      0000C7 00                     297 	.db #0x00	; 0
      0000C8 00                     298 	.db #0x00	; 0
      0000C9 00                     299 	.db #0x00	; 0
      0000CA 00                     300 	.db #0x00	; 0
      0000CB 00                     301 	.db #0x00	; 0
      0000CC 00                     302 	.db #0x00	; 0
      0000CD 00                     303 	.db #0x00	; 0
      0000CE 00                     304 	.db #0x00	; 0
      0000CF 00                     305 	.db #0x00	; 0
      0000D0 00                     306 	.db #0x00	; 0
      0000D1 00                     307 	.db #0x00	; 0
      0000D2 00                     308 	.db #0x00	; 0
      0000D3 00                     309 	.db #0x00	; 0
      0000D4 00                     310 	.db #0x00	; 0
      0000D5 00                     311 	.db #0x00	; 0
      0000D6 00                     312 	.db #0x00	; 0
      0000D7 00                     313 	.db #0x00	; 0
      0000D8 00                     314 	.db #0x00	; 0
      0000D9 00                     315 	.db #0x00	; 0
      0000DA 00                     316 	.db #0x00	; 0
      0000DB 00                     317 	.db #0x00	; 0
      0000DC 00                     318 	.db #0x00	; 0
      0000DD 00                     319 	.db #0x00	; 0
      0000DE 00                     320 	.db #0x00	; 0
      0000DF 00                     321 	.db #0x00	; 0
      0000E0 00                     322 	.db #0x00	; 0
      0000E1 00                     323 	.db #0x00	; 0
      0000E2 00                     324 	.db #0x00	; 0
      0000E3 00                     325 	.db #0x00	; 0
      0000E4 00                     326 	.db #0x00	; 0
      0000E5 00                     327 	.db #0x00	; 0
      0000E6 00                     328 	.db #0x00	; 0
      0000E7 00                     329 	.db #0x00	; 0
      0000E8 00                     330 	.db #0x00	; 0
      0000E9 00                     331 	.db #0x00	; 0
      0000EA 00                     332 	.db #0x00	; 0
      0000EB 00                     333 	.db #0x00	; 0
      0000EC 00                     334 	.db #0x00	; 0
      0000ED 00                     335 	.db #0x00	; 0
      0000EE 00                     336 	.db #0x00	; 0
      0000EF 00                     337 	.db #0x00	; 0
      0000F0 00                     338 	.db #0x00	; 0
      0000F1 00                     339 	.db #0x00	; 0
      0000F2 00                     340 	.db #0x00	; 0
      0000F3 00                     341 	.db #0x00	; 0
      0000F4 00                     342 	.db #0x00	; 0
      0000F5 00                     343 	.db #0x00	; 0
      0000F6 00                     344 	.db #0x00	; 0
      0000F7 00                     345 	.db #0x00	; 0
      0000F8 00                     346 	.db #0x00	; 0
      0000F9 00                     347 	.db #0x00	; 0
      0000FA 00                     348 	.db #0x00	; 0
      0000FB 00                     349 	.db #0x00	; 0
      0000FC 00                     350 	.db #0x00	; 0
      0000FD 00                     351 	.db #0x00	; 0
      0000FE 00                     352 	.db #0x00	; 0
      0000FF 00                     353 	.db #0x00	; 0
      000100 00                     354 	.db #0x00	; 0
      000101 00                     355 	.db #0x00	; 0
      000102 00                     356 	.db #0x00	; 0
      000103 00                     357 	.db #0x00	; 0
      000104 00                     358 	.db #0x00	; 0
      000105 00                     359 	.db #0x00	; 0
      000106 00                     360 	.db #0x00	; 0
      000107 00                     361 	.db #0x00	; 0
      000108 00                     362 	.db #0x00	; 0
      000109 00                     363 	.db #0x00	; 0
      00010A 00                     364 	.db #0x00	; 0
      00010B 00                     365 	.db #0x00	; 0
      00010C 00                     366 	.db #0x00	; 0
      00010D 00                     367 	.db #0x00	; 0
      00010E 00                     368 	.db #0x00	; 0
      00010F 00                     369 	.db #0x00	; 0
      000110 00                     370 	.db #0x00	; 0
      000111 00                     371 	.db #0x00	; 0
      000112 00                     372 	.db #0x00	; 0
      000113 00                     373 	.db #0x00	; 0
      000114 00                     374 	.db #0x00	; 0
      000115 00                     375 	.db #0x00	; 0
      000116 00                     376 	.db #0x00	; 0
      000117 00                     377 	.db #0x00	; 0
      000118 00                     378 	.db #0x00	; 0
      000119 00                     379 	.db #0x00	; 0
      00011A 00                     380 	.db #0x00	; 0
      00011B 00                     381 	.db #0x00	; 0
      00011C 00                     382 	.db #0x00	; 0
      00011D 00                     383 	.db #0x00	; 0
      00011E 00                     384 	.db #0x00	; 0
      00011F 00                     385 	.db #0x00	; 0
      000120 00                     386 	.db #0x00	; 0
      000121 03                     387 	.db #0x03	; 3
      000122 01                     388 	.db #0x01	; 1
      000123 01                     389 	.db #0x01	; 1
      000124 01                     390 	.db #0x01	; 1
      000125 01                     391 	.db #0x01	; 1
      000126 01                     392 	.db #0x01	; 1
      000127 01                     393 	.db #0x01	; 1
      000128 01                     394 	.db #0x01	; 1
      000129 01                     395 	.db #0x01	; 1
      00012A 01                     396 	.db #0x01	; 1
      00012B 01                     397 	.db #0x01	; 1
      00012C 01                     398 	.db #0x01	; 1
      00012D 02                     399 	.db #0x02	; 2
      00012E 00                     400 	.db #0x00	; 0
      00012F 00                     401 	.db #0x00	; 0
      000130 00                     402 	.db #0x00	; 0
      000131 00                     403 	.db #0x00	; 0
      000132 00                     404 	.db #0x00	; 0
      000133 00                     405 	.db #0x00	; 0
      000134 00                     406 	.db #0x00	; 0
      000135 00                     407 	.db #0x00	; 0
      000136 00                     408 	.db #0x00	; 0
      000137 00                     409 	.db #0x00	; 0
      000138 00                     410 	.db #0x00	; 0
      000139 00                     411 	.db #0x00	; 0
      00013A 00                     412 	.db #0x00	; 0
      00013B 00                     413 	.db #0x00	; 0
      00013C 00                     414 	.db #0x00	; 0
      00013D 00                     415 	.db #0x00	; 0
      00013E 00                     416 	.db #0x00	; 0
      00013F 00                     417 	.db #0x00	; 0
      000140 00                     418 	.db #0x00	; 0
      000141 00                     419 	.db #0x00	; 0
      000142 00                     420 	.db #0x00	; 0
      000143 00                     421 	.db #0x00	; 0
      000144 00                     422 	.db #0x00	; 0
      000145 00                     423 	.db #0x00	; 0
      000146 00                     424 	.db #0x00	; 0
      000147 00                     425 	.db #0x00	; 0
      000148 00                     426 	.db #0x00	; 0
      000149 03                     427 	.db #0x03	; 3
      00014A 01                     428 	.db #0x01	; 1
      00014B 01                     429 	.db #0x01	; 1
      00014C 01                     430 	.db #0x01	; 1
      00014D 01                     431 	.db #0x01	; 1
      00014E 01                     432 	.db #0x01	; 1
      00014F 01                     433 	.db #0x01	; 1
      000150 01                     434 	.db #0x01	; 1
      000151 01                     435 	.db #0x01	; 1
      000152 01                     436 	.db #0x01	; 1
      000153 01                     437 	.db #0x01	; 1
      000154 01                     438 	.db #0x01	; 1
      000155 02                     439 	.db #0x02	; 2
      000156 00                     440 	.db #0x00	; 0
      000157 00                     441 	.db #0x00	; 0
      000158 00                     442 	.db #0x00	; 0
      000159 00                     443 	.db #0x00	; 0
      00015A 00                     444 	.db #0x00	; 0
      00015B 00                     445 	.db #0x00	; 0
      00015C 00                     446 	.db #0x00	; 0
      00015D 00                     447 	.db #0x00	; 0
      00015E 00                     448 	.db #0x00	; 0
      00015F 00                     449 	.db #0x00	; 0
      000160 00                     450 	.db #0x00	; 0
      000161 00                     451 	.db #0x00	; 0
      000162 00                     452 	.db #0x00	; 0
      000163 00                     453 	.db #0x00	; 0
      000164 00                     454 	.db #0x00	; 0
      000165 00                     455 	.db #0x00	; 0
      000166 00                     456 	.db #0x00	; 0
      000167 00                     457 	.db #0x00	; 0
      000168 00                     458 	.db #0x00	; 0
      000169 00                     459 	.db #0x00	; 0
      00016A 00                     460 	.db #0x00	; 0
      00016B 00                     461 	.db #0x00	; 0
      00016C 00                     462 	.db #0x00	; 0
      00016D 00                     463 	.db #0x00	; 0
      00016E 00                     464 	.db #0x00	; 0
      00016F 00                     465 	.db #0x00	; 0
      000170 00                     466 	.db #0x00	; 0
      000171 03                     467 	.db #0x03	; 3
      000172 01                     468 	.db #0x01	; 1
      000173 01                     469 	.db #0x01	; 1
      000174 01                     470 	.db #0x01	; 1
      000175 01                     471 	.db #0x01	; 1
      000176 01                     472 	.db #0x01	; 1
      000177 01                     473 	.db #0x01	; 1
      000178 01                     474 	.db #0x01	; 1
      000179 01                     475 	.db #0x01	; 1
      00017A 01                     476 	.db #0x01	; 1
      00017B 01                     477 	.db #0x01	; 1
      00017C 01                     478 	.db #0x01	; 1
      00017D 02                     479 	.db #0x02	; 2
      00017E 00                     480 	.db #0x00	; 0
      00017F 00                     481 	.db #0x00	; 0
      000180 00                     482 	.db #0x00	; 0
      000181 00                     483 	.db #0x00	; 0
      000182 00                     484 	.db #0x00	; 0
      000183 00                     485 	.db #0x00	; 0
      000184 00                     486 	.db #0x00	; 0
      000185 00                     487 	.db #0x00	; 0
      000186 00                     488 	.db #0x00	; 0
      000187 00                     489 	.db #0x00	; 0
      000188 00                     490 	.db #0x00	; 0
      000189 00                     491 	.db #0x00	; 0
      00018A 00                     492 	.db #0x00	; 0
      00018B 00                     493 	.db #0x00	; 0
      00018C 00                     494 	.db #0x00	; 0
      00018D 00                     495 	.db #0x00	; 0
      00018E 00                     496 	.db #0x00	; 0
      00018F 00                     497 	.db #0x00	; 0
      000190 00                     498 	.db #0x00	; 0
      000191 00                     499 	.db #0x00	; 0
      000192 00                     500 	.db #0x00	; 0
      000193 00                     501 	.db #0x00	; 0
      000194 00                     502 	.db #0x00	; 0
      000195 00                     503 	.db #0x00	; 0
      000196 00                     504 	.db #0x00	; 0
      000197 00                     505 	.db #0x00	; 0
      000198 00                     506 	.db #0x00	; 0
      000199 03                     507 	.db #0x03	; 3
      00019A 01                     508 	.db #0x01	; 1
      00019B 01                     509 	.db #0x01	; 1
      00019C 01                     510 	.db #0x01	; 1
      00019D 01                     511 	.db #0x01	; 1
      00019E 01                     512 	.db #0x01	; 1
      00019F 01                     513 	.db #0x01	; 1
      0001A0 01                     514 	.db #0x01	; 1
      0001A1 01                     515 	.db #0x01	; 1
      0001A2 01                     516 	.db #0x01	; 1
      0001A3 01                     517 	.db #0x01	; 1
      0001A4 01                     518 	.db #0x01	; 1
      0001A5 02                     519 	.db #0x02	; 2
      0001A6 00                     520 	.db #0x00	; 0
      0001A7 00                     521 	.db #0x00	; 0
      0001A8 00                     522 	.db #0x00	; 0
      0001A9 00                     523 	.db #0x00	; 0
      0001AA 00                     524 	.db #0x00	; 0
      0001AB 00                     525 	.db #0x00	; 0
      0001AC 00                     526 	.db #0x00	; 0
      0001AD 00                     527 	.db #0x00	; 0
      0001AE 00                     528 	.db #0x00	; 0
      0001AF 00                     529 	.db #0x00	; 0
      0001B0 00                     530 	.db #0x00	; 0
      0001B1 00                     531 	.db #0x00	; 0
      0001B2 00                     532 	.db #0x00	; 0
      0001B3 00                     533 	.db #0x00	; 0
      0001B4 00                     534 	.db #0x00	; 0
      0001B5 00                     535 	.db #0x00	; 0
      0001B6 00                     536 	.db #0x00	; 0
      0001B7 00                     537 	.db #0x00	; 0
      0001B8 06                     538 	.db #0x06	; 6
      0001B9 06                     539 	.db #0x06	; 6
      0001BA 06                     540 	.db #0x06	; 6
      0001BB 06                     541 	.db #0x06	; 6
      0001BC 06                     542 	.db #0x06	; 6
      0001BD 06                     543 	.db #0x06	; 6
      0001BE 06                     544 	.db #0x06	; 6
      0001BF 06                     545 	.db #0x06	; 6
      0001C0 06                     546 	.db #0x06	; 6
      0001C1 03                     547 	.db #0x03	; 3
      0001C2 01                     548 	.db #0x01	; 1
      0001C3 01                     549 	.db #0x01	; 1
      0001C4 01                     550 	.db #0x01	; 1
      0001C5 01                     551 	.db #0x01	; 1
      0001C6 01                     552 	.db #0x01	; 1
      0001C7 01                     553 	.db #0x01	; 1
      0001C8 01                     554 	.db #0x01	; 1
      0001C9 01                     555 	.db #0x01	; 1
      0001CA 01                     556 	.db #0x01	; 1
      0001CB 01                     557 	.db #0x01	; 1
      0001CC 01                     558 	.db #0x01	; 1
      0001CD 02                     559 	.db #0x02	; 2
      0001CE 06                     560 	.db #0x06	; 6
      0001CF 06                     561 	.db #0x06	; 6
      0001D0 06                     562 	.db #0x06	; 6
      0001D1 06                     563 	.db #0x06	; 6
      0001D2 06                     564 	.db #0x06	; 6
      0001D3 06                     565 	.db #0x06	; 6
      0001D4 06                     566 	.db #0x06	; 6
      0001D5 06                     567 	.db #0x06	; 6
      0001D6 06                     568 	.db #0x06	; 6
      0001D7 06                     569 	.db #0x06	; 6
      0001D8 06                     570 	.db #0x06	; 6
      0001D9 06                     571 	.db #0x06	; 6
      0001DA 06                     572 	.db #0x06	; 6
      0001DB 06                     573 	.db #0x06	; 6
      0001DC 06                     574 	.db #0x06	; 6
      0001DD 06                     575 	.db #0x06	; 6
      0001DE 06                     576 	.db #0x06	; 6
      0001DF 06                     577 	.db #0x06	; 6
      0001E0 04                     578 	.db #0x04	; 4
      0001E1 04                     579 	.db #0x04	; 4
      0001E2 04                     580 	.db #0x04	; 4
      0001E3 04                     581 	.db #0x04	; 4
      0001E4 04                     582 	.db #0x04	; 4
      0001E5 04                     583 	.db #0x04	; 4
      0001E6 04                     584 	.db #0x04	; 4
      0001E7 04                     585 	.db #0x04	; 4
      0001E8 04                     586 	.db #0x04	; 4
      0001E9 04                     587 	.db #0x04	; 4
      0001EA 04                     588 	.db #0x04	; 4
      0001EB 04                     589 	.db #0x04	; 4
      0001EC 04                     590 	.db #0x04	; 4
      0001ED 04                     591 	.db #0x04	; 4
      0001EE 04                     592 	.db #0x04	; 4
      0001EF 04                     593 	.db #0x04	; 4
      0001F0 04                     594 	.db #0x04	; 4
      0001F1 04                     595 	.db #0x04	; 4
      0001F2 04                     596 	.db #0x04	; 4
      0001F3 04                     597 	.db #0x04	; 4
      0001F4 04                     598 	.db #0x04	; 4
      0001F5 04                     599 	.db #0x04	; 4
      0001F6 04                     600 	.db #0x04	; 4
      0001F7 04                     601 	.db #0x04	; 4
      0001F8 04                     602 	.db #0x04	; 4
      0001F9 04                     603 	.db #0x04	; 4
      0001FA 04                     604 	.db #0x04	; 4
      0001FB 04                     605 	.db #0x04	; 4
      0001FC 04                     606 	.db #0x04	; 4
      0001FD 04                     607 	.db #0x04	; 4
      0001FE 04                     608 	.db #0x04	; 4
      0001FF 04                     609 	.db #0x04	; 4
      000200 04                     610 	.db #0x04	; 4
      000201 04                     611 	.db #0x04	; 4
      000202 04                     612 	.db #0x04	; 4
      000203 04                     613 	.db #0x04	; 4
      000204 04                     614 	.db #0x04	; 4
      000205 04                     615 	.db #0x04	; 4
      000206 04                     616 	.db #0x04	; 4
      000207 04                     617 	.db #0x04	; 4
      000208 04                     618 	.db #0x04	; 4
      000209 04                     619 	.db #0x04	; 4
      00020A 04                     620 	.db #0x04	; 4
      00020B 04                     621 	.db #0x04	; 4
      00020C 04                     622 	.db #0x04	; 4
      00020D 04                     623 	.db #0x04	; 4
      00020E 04                     624 	.db #0x04	; 4
      00020F 04                     625 	.db #0x04	; 4
      000210 04                     626 	.db #0x04	; 4
      000211 04                     627 	.db #0x04	; 4
      000212 04                     628 	.db #0x04	; 4
      000213 04                     629 	.db #0x04	; 4
      000214 04                     630 	.db #0x04	; 4
      000215 04                     631 	.db #0x04	; 4
      000216 04                     632 	.db #0x04	; 4
      000217 04                     633 	.db #0x04	; 4
      000218 04                     634 	.db #0x04	; 4
      000219 04                     635 	.db #0x04	; 4
      00021A 04                     636 	.db #0x04	; 4
      00021B 04                     637 	.db #0x04	; 4
      00021C 04                     638 	.db #0x04	; 4
      00021D 04                     639 	.db #0x04	; 4
      00021E 04                     640 	.db #0x04	; 4
      00021F 04                     641 	.db #0x04	; 4
      000220 04                     642 	.db #0x04	; 4
      000221 04                     643 	.db #0x04	; 4
      000222 04                     644 	.db #0x04	; 4
      000223 04                     645 	.db #0x04	; 4
      000224 04                     646 	.db #0x04	; 4
      000225 04                     647 	.db #0x04	; 4
      000226 04                     648 	.db #0x04	; 4
      000227 04                     649 	.db #0x04	; 4
      000228 04                     650 	.db #0x04	; 4
      000229 04                     651 	.db #0x04	; 4
      00022A 04                     652 	.db #0x04	; 4
      00022B 04                     653 	.db #0x04	; 4
      00022C 04                     654 	.db #0x04	; 4
      00022D 04                     655 	.db #0x04	; 4
      00022E 04                     656 	.db #0x04	; 4
      00022F 04                     657 	.db #0x04	; 4
      000230 04                     658 	.db #0x04	; 4
      000231 04                     659 	.db #0x04	; 4
      000232 04                     660 	.db #0x04	; 4
      000233 04                     661 	.db #0x04	; 4
      000234 04                     662 	.db #0x04	; 4
      000235 04                     663 	.db #0x04	; 4
      000236 04                     664 	.db #0x04	; 4
      000237 04                     665 	.db #0x04	; 4
      000238 04                     666 	.db #0x04	; 4
      000239 04                     667 	.db #0x04	; 4
      00023A 04                     668 	.db #0x04	; 4
      00023B 04                     669 	.db #0x04	; 4
      00023C 04                     670 	.db #0x04	; 4
      00023D 04                     671 	.db #0x04	; 4
      00023E 04                     672 	.db #0x04	; 4
      00023F 04                     673 	.db #0x04	; 4
      000240 04                     674 	.db #0x04	; 4
      000241 04                     675 	.db #0x04	; 4
      000242 04                     676 	.db #0x04	; 4
      000243 04                     677 	.db #0x04	; 4
      000244 04                     678 	.db #0x04	; 4
      000245 04                     679 	.db #0x04	; 4
      000246 04                     680 	.db #0x04	; 4
      000247 04                     681 	.db #0x04	; 4
      000248 04                     682 	.db #0x04	; 4
      000249 04                     683 	.db #0x04	; 4
      00024A 04                     684 	.db #0x04	; 4
      00024B 04                     685 	.db #0x04	; 4
      00024C 04                     686 	.db #0x04	; 4
      00024D 04                     687 	.db #0x04	; 4
      00024E 04                     688 	.db #0x04	; 4
      00024F 04                     689 	.db #0x04	; 4
      000250 04                     690 	.db #0x04	; 4
      000251 04                     691 	.db #0x04	; 4
      000252 04                     692 	.db #0x04	; 4
      000253 04                     693 	.db #0x04	; 4
      000254 04                     694 	.db #0x04	; 4
      000255 04                     695 	.db #0x04	; 4
      000256 04                     696 	.db #0x04	; 4
      000257 04                     697 	.db #0x04	; 4
      000258 04                     698 	.db #0x04	; 4
      000259 04                     699 	.db #0x04	; 4
      00025A 04                     700 	.db #0x04	; 4
      00025B 04                     701 	.db #0x04	; 4
      00025C 04                     702 	.db #0x04	; 4
      00025D 04                     703 	.db #0x04	; 4
      00025E 04                     704 	.db #0x04	; 4
      00025F 04                     705 	.db #0x04	; 4
      000260 04                     706 	.db #0x04	; 4
      000261 04                     707 	.db #0x04	; 4
      000262 04                     708 	.db #0x04	; 4
      000263 04                     709 	.db #0x04	; 4
      000264 04                     710 	.db #0x04	; 4
      000265 04                     711 	.db #0x04	; 4
      000266 04                     712 	.db #0x04	; 4
      000267 04                     713 	.db #0x04	; 4
      000268 04                     714 	.db #0x04	; 4
      000269 04                     715 	.db #0x04	; 4
      00026A 04                     716 	.db #0x04	; 4
      00026B 04                     717 	.db #0x04	; 4
      00026C 04                     718 	.db #0x04	; 4
      00026D 04                     719 	.db #0x04	; 4
      00026E 04                     720 	.db #0x04	; 4
      00026F 04                     721 	.db #0x04	; 4
      000270 04                     722 	.db #0x04	; 4
      000271 04                     723 	.db #0x04	; 4
      000272 04                     724 	.db #0x04	; 4
      000273 04                     725 	.db #0x04	; 4
      000274 04                     726 	.db #0x04	; 4
      000275 04                     727 	.db #0x04	; 4
      000276 04                     728 	.db #0x04	; 4
      000277 04                     729 	.db #0x04	; 4
      000278 04                     730 	.db #0x04	; 4
      000279 04                     731 	.db #0x04	; 4
      00027A 04                     732 	.db #0x04	; 4
      00027B 04                     733 	.db #0x04	; 4
      00027C 04                     734 	.db #0x04	; 4
      00027D 04                     735 	.db #0x04	; 4
      00027E 04                     736 	.db #0x04	; 4
      00027F 04                     737 	.db #0x04	; 4
      000280 04                     738 	.db #0x04	; 4
      000281 04                     739 	.db #0x04	; 4
      000282 04                     740 	.db #0x04	; 4
      000283 04                     741 	.db #0x04	; 4
      000284 04                     742 	.db #0x04	; 4
      000285 04                     743 	.db #0x04	; 4
      000286 04                     744 	.db #0x04	; 4
      000287 04                     745 	.db #0x04	; 4
      000288 04                     746 	.db #0x04	; 4
      000289 04                     747 	.db #0x04	; 4
      00028A 04                     748 	.db #0x04	; 4
      00028B 04                     749 	.db #0x04	; 4
      00028C 04                     750 	.db #0x04	; 4
      00028D 04                     751 	.db #0x04	; 4
      00028E 04                     752 	.db #0x04	; 4
      00028F 04                     753 	.db #0x04	; 4
      000290 04                     754 	.db #0x04	; 4
      000291 04                     755 	.db #0x04	; 4
      000292 04                     756 	.db #0x04	; 4
      000293 04                     757 	.db #0x04	; 4
      000294 04                     758 	.db #0x04	; 4
      000295 04                     759 	.db #0x04	; 4
      000296 04                     760 	.db #0x04	; 4
      000297 04                     761 	.db #0x04	; 4
      000298 04                     762 	.db #0x04	; 4
      000299 04                     763 	.db #0x04	; 4
      00029A 04                     764 	.db #0x04	; 4
      00029B 04                     765 	.db #0x04	; 4
      00029C 04                     766 	.db #0x04	; 4
      00029D 04                     767 	.db #0x04	; 4
      00029E 04                     768 	.db #0x04	; 4
      00029F 04                     769 	.db #0x04	; 4
      0002A0 04                     770 	.db #0x04	; 4
      0002A1 04                     771 	.db #0x04	; 4
      0002A2 04                     772 	.db #0x04	; 4
      0002A3 04                     773 	.db #0x04	; 4
      0002A4 04                     774 	.db #0x04	; 4
      0002A5 04                     775 	.db #0x04	; 4
      0002A6 04                     776 	.db #0x04	; 4
      0002A7 04                     777 	.db #0x04	; 4
      0002A8 04                     778 	.db #0x04	; 4
      0002A9 04                     779 	.db #0x04	; 4
      0002AA 04                     780 	.db #0x04	; 4
      0002AB 04                     781 	.db #0x04	; 4
      0002AC 04                     782 	.db #0x04	; 4
      0002AD 04                     783 	.db #0x04	; 4
      0002AE 04                     784 	.db #0x04	; 4
      0002AF 04                     785 	.db #0x04	; 4
      0002B0 04                     786 	.db #0x04	; 4
      0002B1 04                     787 	.db #0x04	; 4
      0002B2 04                     788 	.db #0x04	; 4
      0002B3 04                     789 	.db #0x04	; 4
      0002B4 04                     790 	.db #0x04	; 4
      0002B5 04                     791 	.db #0x04	; 4
      0002B6 04                     792 	.db #0x04	; 4
      0002B7 04                     793 	.db #0x04	; 4
      0002B8 04                     794 	.db #0x04	; 4
      0002B9 04                     795 	.db #0x04	; 4
      0002BA 04                     796 	.db #0x04	; 4
      0002BB 04                     797 	.db #0x04	; 4
      0002BC 04                     798 	.db #0x04	; 4
      0002BD 04                     799 	.db #0x04	; 4
      0002BE 04                     800 	.db #0x04	; 4
      0002BF 04                     801 	.db #0x04	; 4
      0002C0 04                     802 	.db #0x04	; 4
      0002C1 04                     803 	.db #0x04	; 4
      0002C2 04                     804 	.db #0x04	; 4
      0002C3 04                     805 	.db #0x04	; 4
      0002C4 04                     806 	.db #0x04	; 4
      0002C5 04                     807 	.db #0x04	; 4
      0002C6 04                     808 	.db #0x04	; 4
      0002C7 04                     809 	.db #0x04	; 4
      0002C8 04                     810 	.db #0x04	; 4
      0002C9 04                     811 	.db #0x04	; 4
      0002CA 04                     812 	.db #0x04	; 4
      0002CB 04                     813 	.db #0x04	; 4
      0002CC 04                     814 	.db #0x04	; 4
      0002CD 04                     815 	.db #0x04	; 4
      0002CE 04                     816 	.db #0x04	; 4
      0002CF 04                     817 	.db #0x04	; 4
      0002D0                        818 __xinit__backgroundTiles:
      0002D0 00                     819 	.db #0x00	; 0
      0002D1 00                     820 	.db #0x00	; 0
      0002D2 00                     821 	.db #0x00	; 0
      0002D3 00                     822 	.db #0x00	; 0
      0002D4 00                     823 	.db #0x00	; 0
      0002D5 00                     824 	.db #0x00	; 0
      0002D6 00                     825 	.db #0x00	; 0
      0002D7 00                     826 	.db #0x00	; 0
      0002D8 00                     827 	.db #0x00	; 0
      0002D9 00                     828 	.db #0x00	; 0
      0002DA 00                     829 	.db #0x00	; 0
      0002DB 00                     830 	.db #0x00	; 0
      0002DC 00                     831 	.db #0x00	; 0
      0002DD 00                     832 	.db #0x00	; 0
      0002DE 00                     833 	.db #0x00	; 0
      0002DF 00                     834 	.db #0x00	; 0
      0002E0 FF                     835 	.db #0xff	; 255
      0002E1 FF                     836 	.db #0xff	; 255
      0002E2 01                     837 	.db #0x01	; 1
      0002E3 01                     838 	.db #0x01	; 1
      0002E4 01                     839 	.db #0x01	; 1
      0002E5 01                     840 	.db #0x01	; 1
      0002E6 01                     841 	.db #0x01	; 1
      0002E7 01                     842 	.db #0x01	; 1
      0002E8 FF                     843 	.db #0xff	; 255
      0002E9 FF                     844 	.db #0xff	; 255
      0002EA 10                     845 	.db #0x10	; 16
      0002EB 10                     846 	.db #0x10	; 16
      0002EC 10                     847 	.db #0x10	; 16
      0002ED 10                     848 	.db #0x10	; 16
      0002EE 10                     849 	.db #0x10	; 16
      0002EF 10                     850 	.db #0x10	; 16
      0002F0 FF                     851 	.db #0xff	; 255
      0002F1 FF                     852 	.db #0xff	; 255
      0002F2 01                     853 	.db #0x01	; 1
      0002F3 01                     854 	.db #0x01	; 1
      0002F4 01                     855 	.db #0x01	; 1
      0002F5 01                     856 	.db #0x01	; 1
      0002F6 01                     857 	.db #0x01	; 1
      0002F7 01                     858 	.db #0x01	; 1
      0002F8 FF                     859 	.db #0xff	; 255
      0002F9 FF                     860 	.db #0xff	; 255
      0002FA 11                     861 	.db #0x11	; 17
      0002FB 11                     862 	.db #0x11	; 17
      0002FC 11                     863 	.db #0x11	; 17
      0002FD 11                     864 	.db #0x11	; 17
      0002FE 11                     865 	.db #0x11	; 17
      0002FF 11                     866 	.db #0x11	; 17
      000300 FF                     867 	.db #0xff	; 255
      000301 FF                     868 	.db #0xff	; 255
      000302 80                     869 	.db #0x80	; 128
      000303 80                     870 	.db #0x80	; 128
      000304 80                     871 	.db #0x80	; 128
      000305 80                     872 	.db #0x80	; 128
      000306 80                     873 	.db #0x80	; 128
      000307 80                     874 	.db #0x80	; 128
      000308 FF                     875 	.db #0xff	; 255
      000309 FF                     876 	.db #0xff	; 255
      00030A 88                     877 	.db #0x88	; 136
      00030B 88                     878 	.db #0x88	; 136
      00030C 88                     879 	.db #0x88	; 136
      00030D 88                     880 	.db #0x88	; 136
      00030E 88                     881 	.db #0x88	; 136
      00030F 88                     882 	.db #0x88	; 136
      000310 55                     883 	.db #0x55	; 85	'U'
      000311 00                     884 	.db #0x00	; 0
      000312 AA                     885 	.db #0xaa	; 170
      000313 00                     886 	.db #0x00	; 0
      000314 55                     887 	.db #0x55	; 85	'U'
      000315 00                     888 	.db #0x00	; 0
      000316 AA                     889 	.db #0xaa	; 170
      000317 00                     890 	.db #0x00	; 0
      000318 55                     891 	.db #0x55	; 85	'U'
      000319 00                     892 	.db #0x00	; 0
      00031A AA                     893 	.db #0xaa	; 170
      00031B 00                     894 	.db #0x00	; 0
      00031C 55                     895 	.db #0x55	; 85	'U'
      00031D 00                     896 	.db #0x00	; 0
      00031E AA                     897 	.db #0xaa	; 170
      00031F 00                     898 	.db #0x00	; 0
      000320 00                     899 	.db #0x00	; 0
      000321 00                     900 	.db #0x00	; 0
      000322 00                     901 	.db #0x00	; 0
      000323 00                     902 	.db #0x00	; 0
      000324 00                     903 	.db #0x00	; 0
      000325 00                     904 	.db #0x00	; 0
      000326 00                     905 	.db #0x00	; 0
      000327 00                     906 	.db #0x00	; 0
      000328 FF                     907 	.db #0xff	; 255
      000329 FF                     908 	.db #0xff	; 255
      00032A FF                     909 	.db #0xff	; 255
      00032B AA                     910 	.db #0xaa	; 170
      00032C FF                     911 	.db #0xff	; 255
      00032D 00                     912 	.db #0x00	; 0
      00032E 55                     913 	.db #0x55	; 85	'U'
      00032F 00                     914 	.db #0x00	; 0
      000330 00                     915 	.db #0x00	; 0
      000331 00                     916 	.db #0x00	; 0
      000332 00                     917 	.db #0x00	; 0
      000333 00                     918 	.db #0x00	; 0
      000334 00                     919 	.db #0x00	; 0
      000335 00                     920 	.db #0x00	; 0
      000336 00                     921 	.db #0x00	; 0
      000337 00                     922 	.db #0x00	; 0
      000338 00                     923 	.db #0x00	; 0
      000339 00                     924 	.db #0x00	; 0
      00033A FF                     925 	.db #0xff	; 255
      00033B FF                     926 	.db #0xff	; 255
      00033C 00                     927 	.db #0x00	; 0
      00033D FF                     928 	.db #0xff	; 255
      00033E FF                     929 	.db #0xff	; 255
      00033F 00                     930 	.db #0x00	; 0
      000340 00                     931 	.db #0x00	; 0
      000341 00                     932 	.db #0x00	; 0
      000342 00                     933 	.db #0x00	; 0
      000343 00                     934 	.db #0x00	; 0
      000344 00                     935 	.db #0x00	; 0
      000345 00                     936 	.db #0x00	; 0
      000346 00                     937 	.db #0x00	; 0
      000347 00                     938 	.db #0x00	; 0
      000348 00                     939 	.db #0x00	; 0
      000349 00                     940 	.db #0x00	; 0
      00034A FF                     941 	.db #0xff	; 255
      00034B 00                     942 	.db #0x00	; 0
      00034C FF                     943 	.db #0xff	; 255
      00034D 00                     944 	.db #0x00	; 0
      00034E FF                     945 	.db #0xff	; 255
      00034F 00                     946 	.db #0x00	; 0
                                    947 	.area _CABS (ABS)
